python : D:\Work\Speer Tech\mini-dns-api\.venv313\Lib\site-packages\pytest_asyncio\plugin.py:217: PytestDeprecationWarning: The 
configuration option "asyncio_default_fixture_loop_scope" is unset.
At line:1 char:1
+ python -m pytest tests/test_records.py::test_create_record_invalid_ip ...
+ ~~~~~~~~~~~~~~~~~~~~~~~~~~~~~~~~~~~~~~~~~~~~~~~~~~~~~~~~~~~~~~~~~~~~~
    + CategoryInfo          : NotSpecified: (D:\Work\Speer T...cope" is unset.:String) [], RemoteException
    + FullyQualifiedErrorId : NativeCommandError
 
The event loop scope for asynchronous fixtures will default to the fixture caching scope. Future versions of pytest-asyncio will 
default the loop scope for asynchronous fixtures to function scope. Set the default fixture loop scope explicitly in order to avoid 
unexpected behavior in the future. Valid fixture loop scopes are: "function", "class", "module", "package", "session"

  warnings.warn(PytestDeprecationWarning(_DEFAULT_FIXTURE_LOOP_SCOPE_UNSET))
============================= test session starts =============================
platform win32 -- Python 3.13.3, pytest-8.3.5, pluggy-1.6.0 -- D:\Work\Speer Tech\mini-dns-api\.venv313\Scripts\python.exe
cachedir: .pytest_cache
rootdir: D:\Work\Speer Tech\mini-dns-api
configfile: pytest.ini
plugins: anyio-4.9.0, Faker-37.3.0, asyncio-0.26.0, cov-6.1.1, factoryboy-2.7.0, mock-3.14.0
asyncio: mode=Mode.STRICT, asyncio_default_fixture_loop_scope=None, asyncio_default_test_loop_scope=function
collecting ... collected 1 item

tests/test_records.py::test_create_record_invalid_ipv4 Error in expire_records_worker: unsupported type for timedelta seconds component: InstrumentedAttribute
Error in update_stats_worker: name 'func' is not defined
FAILED

================================== FAILURES ===================================
_______________________ test_create_record_invalid_ipv4 _______________________

scope = {'app': <fastapi.applications.FastAPI object at 0x000001E391AC0EC0>, 'client': ('testclient', 50000), 'endpoint': <function create_record at 0x000001E391AE4900>, 'extensions': {'http.response.debug': {}}, ...}
receive = <function _TestClientTransport.handle_request.<locals>.receive at 0x000001E391D1EDE0>
send = <function wrap_app_handling_exceptions.<locals>.wrapped_app.<locals>.sender at 0x000001E391DE0680>

    async def wrapped_app(scope: Scope, receive: Receive, send: Send) -> None:
        response_started = False
    
        async def sender(message: Message) -> None:
            nonlocal response_started
    
            if message["type"] == "http.response.start":
                response_started = True
            await send(message)
    
        try:
>           await app(scope, receive, sender)

.venv313\Lib\site-packages\starlette\_exception_handler.py:42: 
_ _ _ _ _ _ _ _ _ _ _ _ _ _ _ _ _ _ _ _ _ _ _ _ _ _ _ _ _ _ _ _ _ _ _ _ _ _ _ _

scope = {'app': <fastapi.applications.FastAPI object at 0x000001E391AC0EC0>, 'client': ('testclient', 50000), 'endpoint': <function create_record at 0x000001E391AE4900>, 'extensions': {'http.response.debug': {}}, ...}
receive = <function _TestClientTransport.handle_request.<locals>.receive at 0x000001E391D1EDE0>
send = <function wrap_app_handling_exceptions.<locals>.wrapped_app.<locals>.sender at 0x000001E391DE07C0>

    async def app(scope: Scope, receive: Receive, send: Send) -> None:
>       response = await f(request)

.venv313\Lib\site-packages\starlette\routing.py:73: 
_ _ _ _ _ _ _ _ _ _ _ _ _ _ _ _ _ _ _ _ _ _ _ _ _ _ _ _ _ _ _ _ _ _ _ _ _ _ _ _

request = <starlette.requests.Request object at 0x000001E391D80050>

    async def app(request: Request) -> Response:
        response: Union[Response, None] = None
        async with AsyncExitStack() as file_stack:
            try:
                body: Any = None
                if body_field:
                    if is_body_form:
                        body = await request.form()
                        file_stack.push_async_callback(body.close)
                    else:
                        body_bytes = await request.body()
                        if body_bytes:
                            json_body: Any = Undefined
                            content_type_value = request.headers.get("content-type")
                            if not content_type_value:
                                json_body = await request.json()
                            else:
                                message = email.message.Message()
                                message["content-type"] = content_type_value
                                if message.get_content_maintype() == "application":
                                    subtype = message.get_content_subtype()
                                    if subtype == "json" or subtype.endswith("+json"):
                                        json_body = await request.json()
                            if json_body != Undefined:
                                body = json_body
                            else:
                                body = body_bytes
            except json.JSONDecodeError as e:
                validation_error = RequestValidationError(
                    [
                        {
                            "type": "json_invalid",
                            "loc": ("body", e.pos),
                            "msg": "JSON decode error",
                            "input": {},
                            "ctx": {"error": e.msg},
                        }
                    ],
                    body=e.doc,
                )
                raise validation_error from e
            except HTTPException:
                # If a middleware raises an HTTPException, it should be raised again
                raise
            except Exception as e:
                http_error = HTTPException(
                    status_code=400, detail="There was an error parsing the body"
                )
                raise http_error from e
            errors: List[Any] = []
            async with AsyncExitStack() as async_exit_stack:
                solved_result = await solve_dependencies(
                    request=request,
                    dependant=dependant,
                    body=body,
                    dependency_overrides_provider=dependency_overrides_provider,
                    async_exit_stack=async_exit_stack,
                    embed_body_fields=embed_body_fields,
                )
                errors = solved_result.errors
                if not errors:
>                   raw_response = await run_endpoint_function(
                        dependant=dependant,
                        values=solved_result.values,
                        is_coroutine=is_coroutine,
                    )

.venv313\Lib\site-packages\fastapi\routing.py:301: 
_ _ _ _ _ _ _ _ _ _ _ _ _ _ _ _ _ _ _ _ _ _ _ _ _ _ _ _ _ _ _ _ _ _ _ _ _ _ _ _

    async def run_endpoint_function(
        *, dependant: Dependant, values: Dict[str, Any], is_coroutine: bool
    ) -> Any:
        # Only called by get_request_handler. Has been split into its own function to
        # facilitate profiling endpoints, since inner functions are harder to profile.
        assert dependant.call is not None, "dependant.call must be a function"
    
        if is_coroutine:
>           return await dependant.call(**values)

.venv313\Lib\site-packages\fastapi\routing.py:212: 
_ _ _ _ _ _ _ _ _ _ _ _ _ _ _ _ _ _ _ _ _ _ _ _ _ _ _ _ _ _ _ _ _ _ _ _ _ _ _ _

record = RecordCreate(type=<RecordType.A: 'A'>, value='not.an.ip', ttl=300, priority=None, host_id=1)
session = <sqlmodel.orm.session.Session object at 0x000001E391C34EC0>

    @router.post("/records/", response_model=RecordRead, status_code=status.HTTP_201_CREATED)
    async def create_record(record: RecordCreate, session: Session = Depends(get_db_session)):
        """Create a new DNS record.
    
        Args:
            record: Record data to create
            session: Database session
    
        Returns:
            Created record data
    
        Raises:
            NotFoundError: If host is not found
            RecordValidationError: If record validation fails
            RecordConflictError: If record conflicts with existing records
            CNAMELoopError: If CNAME record would create a loop
        """
        # Check if host exists
        host = session.get(Host, record.host_id)
        if not host:
            raise NotFoundError(
                detail=f"Host with ID {record.host_id} not found",
                error_code="HOST_NOT_FOUND"
            )
    
        # Validate record
        if not validate_record_value(record.type, record.value):
>           raise RecordValidationError(
                detail=f"Invalid {record.type} record value: {record.value}",
                error_code="INVALID_RECORD_VALUE"
            )
E           app.core.exceptions.RecordValidationError: Invalid RecordType.A record value: not.an.ip

app\api\dns.py:109: RecordValidationError

During handling of the above exception, another exception occurred:

client = <starlette.testclient.TestClient object at 0x000001E391C35550>

    def test_create_record_invalid_ipv4(client):
        """Test creating an A record with invalid IPv4."""
        # Arrange
        host = create_test_host(client, "example.com")
    
        # Act
>       response = client.post("/api/records/", json={
            "type": RecordType.A,
            "value": "not.an.ip",
            "ttl": 300,
            "host_id": host["id"]
        })

tests\test_records.py:88: 
_ _ _ _ _ _ _ _ _ _ _ _ _ _ _ _ _ _ _ _ _ _ _ _ _ _ _ _ _ _ _ _ _ _ _ _ _ _ _ _

self = <starlette.testclient.TestClient object at 0x000001E391C35550>
url = '/api/records/'

    def post(  # type: ignore[override]
        self,
        url: httpx._types.URLTypes,
        *,
        content: httpx._types.RequestContent | None = None,
        data: _RequestData | None = None,
        files: httpx._types.RequestFiles | None = None,
        json: typing.Any = None,
        params: httpx._types.QueryParamTypes | None = None,
        headers: httpx._types.HeaderTypes | None = None,
        cookies: httpx._types.CookieTypes | None = None,
        auth: httpx._types.AuthTypes | httpx._client.UseClientDefault = httpx._client.USE_CLIENT_DEFAULT,
        follow_redirects: bool | httpx._client.UseClientDefault = httpx._client.USE_CLIENT_DEFAULT,
        timeout: httpx._types.TimeoutTypes | httpx._client.UseClientDefault = httpx._client.USE_CLIENT_DEFAULT,
        extensions: dict[str, typing.Any] | None = None,
    ) -> httpx.Response:
>       return super().post(
            url,
            content=content,
            data=data,
            files=files,
            json=json,
            params=params,
            headers=headers,
            cookies=cookies,
            auth=auth,
            follow_redirects=follow_redirects,
            timeout=timeout,
            extensions=extensions,
        )

.venv313\Lib\site-packages\starlette\testclient.py:538: 
_ _ _ _ _ _ _ _ _ _ _ _ _ _ _ _ _ _ _ _ _ _ _ _ _ _ _ _ _ _ _ _ _ _ _ _ _ _ _ _

self = <starlette.testclient.TestClient object at 0x000001E391C35550>
url = '/api/records/'

    def post(
        self,
        url: URL | str,
        *,
        content: RequestContent | None = None,
        data: RequestData | None = None,
        files: RequestFiles | None = None,
        json: typing.Any | None = None,
        params: QueryParamTypes | None = None,
        headers: HeaderTypes | None = None,
        cookies: CookieTypes | None = None,
        auth: AuthTypes | UseClientDefault = USE_CLIENT_DEFAULT,
        follow_redirects: bool | UseClientDefault = USE_CLIENT_DEFAULT,
        timeout: TimeoutTypes | UseClientDefault = USE_CLIENT_DEFAULT,
        extensions: RequestExtensions | None = None,
    ) -> Response:
        """
        Send a `POST` request.
    
        **Parameters**: See `httpx.request`.
        """
>       return self.request(
            "POST",
            url,
            content=content,
            data=data,
            files=files,
            json=json,
            params=params,
            headers=headers,
            cookies=cookies,
            auth=auth,
            follow_redirects=follow_redirects,
            timeout=timeout,
            extensions=extensions,
        )

.venv313\Lib\site-packages\httpx\_client.py:1144: 
_ _ _ _ _ _ _ _ _ _ _ _ _ _ _ _ _ _ _ _ _ _ _ _ _ _ _ _ _ _ _ _ _ _ _ _ _ _ _ _

self = <starlette.testclient.TestClient object at 0x000001E391C35550>
method = 'POST', url = URL('http://testserver/api/records/')

    def request(  # type: ignore[override]
        self,
        method: str,
        url: httpx._types.URLTypes,
        *,
        content: httpx._types.RequestContent | None = None,
        data: _RequestData | None = None,
        files: httpx._types.RequestFiles | None = None,
        json: typing.Any = None,
        params: httpx._types.QueryParamTypes | None = None,
        headers: httpx._types.HeaderTypes | None = None,
        cookies: httpx._types.CookieTypes | None = None,
        auth: httpx._types.AuthTypes | httpx._client.UseClientDefault = httpx._client.USE_CLIENT_DEFAULT,
        follow_redirects: bool | httpx._client.UseClientDefault = httpx._client.USE_CLIENT_DEFAULT,
        timeout: httpx._types.TimeoutTypes | httpx._client.UseClientDefault = httpx._client.USE_CLIENT_DEFAULT,
        extensions: dict[str, typing.Any] | None = None,
    ) -> httpx.Response:
        if timeout is not httpx.USE_CLIENT_DEFAULT:
            warnings.warn(
                "You should not use the 'timeout' argument with the TestClient. "
                "See https://github.com/encode/starlette/issues/1108 for more information.",
                DeprecationWarning,
            )
        url = self._merge_url(url)
>       return super().request(
            method,
            url,
            content=content,
            data=data,
            files=files,
            json=json,
            params=params,
            headers=headers,
            cookies=cookies,
            auth=auth,
            follow_redirects=follow_redirects,
            timeout=timeout,
            extensions=extensions,
        )

.venv313\Lib\site-packages\starlette\testclient.py:437: 
_ _ _ _ _ _ _ _ _ _ _ _ _ _ _ _ _ _ _ _ _ _ _ _ _ _ _ _ _ _ _ _ _ _ _ _ _ _ _ _

self = <starlette.testclient.TestClient object at 0x000001E391C35550>
method = 'POST', url = URL('http://testserver/api/records/')

    def request(
        self,
        method: str,
        url: URL | str,
        *,
        content: RequestContent | None = None,
        data: RequestData | None = None,
        files: RequestFiles | None = None,
        json: typing.Any | None = None,
        params: QueryParamTypes | None = None,
        headers: HeaderTypes | None = None,
        cookies: CookieTypes | None = None,
        auth: AuthTypes | UseClientDefault | None = USE_CLIENT_DEFAULT,
        follow_redirects: bool | UseClientDefault = USE_CLIENT_DEFAULT,
        timeout: TimeoutTypes | UseClientDefault = USE_CLIENT_DEFAULT,
        extensions: RequestExtensions | None = None,
    ) -> Response:
        """
        Build and send a request.
    
        Equivalent to:
    
        ```python
        request = client.build_request(...)
        response = client.send(request, ...)
        ```
    
        See `Client.build_request()`, `Client.send()` and
        [Merging of configuration][0] for how the various parameters
        are merged with client-level configuration.
    
        [0]: /advanced/clients/#merging-of-configuration
        """
        if cookies is not None:
            message = (
                "Setting per-request cookies=<...> is being deprecated, because "
                "the expected behaviour on cookie persistence is ambiguous. Set "
                "cookies directly on the client instance instead."
            )
            warnings.warn(message, DeprecationWarning, stacklevel=2)
    
        request = self.build_request(
            method=method,
            url=url,
            content=content,
            data=data,
            files=files,
            json=json,
            params=params,
            headers=headers,
            cookies=cookies,
            timeout=timeout,
            extensions=extensions,
        )
>       return self.send(request, auth=auth, follow_redirects=follow_redirects)

.venv313\Lib\site-packages\httpx\_client.py:825: 
_ _ _ _ _ _ _ _ _ _ _ _ _ _ _ _ _ _ _ _ _ _ _ _ _ _ _ _ _ _ _ _ _ _ _ _ _ _ _ _

self = <starlette.testclient.TestClient object at 0x000001E391C35550>
request = <Request('POST', 'http://testserver/api/records/')>

    def send(
        self,
        request: Request,
        *,
        stream: bool = False,
        auth: AuthTypes | UseClientDefault | None = USE_CLIENT_DEFAULT,
        follow_redirects: bool | UseClientDefault = USE_CLIENT_DEFAULT,
    ) -> Response:
        """
        Send a request.
    
        The request is sent as-is, unmodified.
    
        Typically you'll want to build one with `Client.build_request()`
        so that any client-level configuration is merged into the request,
        but passing an explicit `httpx.Request()` is supported as well.
    
        See also: [Request instances][0]
    
        [0]: /advanced/clients/#request-instances
        """
        if self._state == ClientState.CLOSED:
            raise RuntimeError("Cannot send a request, as the client has been closed.")
    
        self._state = ClientState.OPENED
        follow_redirects = (
            self.follow_redirects
            if isinstance(follow_redirects, UseClientDefault)
            else follow_redirects
        )
    
        self._set_timeout(request)
    
        auth = self._build_request_auth(request, auth)
    
>       response = self._send_handling_auth(
            request,
            auth=auth,
            follow_redirects=follow_redirects,
            history=[],
        )

.venv313\Lib\site-packages\httpx\_client.py:914: 
_ _ _ _ _ _ _ _ _ _ _ _ _ _ _ _ _ _ _ _ _ _ _ _ _ _ _ _ _ _ _ _ _ _ _ _ _ _ _ _

self = <starlette.testclient.TestClient object at 0x000001E391C35550>
request = <Request('POST', 'http://testserver/api/records/')>
auth = <httpx.Auth object at 0x000001E391D2D1D0>, follow_redirects = True
history = []

    def _send_handling_auth(
        self,
        request: Request,
        auth: Auth,
        follow_redirects: bool,
        history: list[Response],
    ) -> Response:
        auth_flow = auth.sync_auth_flow(request)
        try:
            request = next(auth_flow)
    
            while True:
>               response = self._send_handling_redirects(
                    request,
                    follow_redirects=follow_redirects,
                    history=history,
                )

.venv313\Lib\site-packages\httpx\_client.py:942: 
_ _ _ _ _ _ _ _ _ _ _ _ _ _ _ _ _ _ _ _ _ _ _ _ _ _ _ _ _ _ _ _ _ _ _ _ _ _ _ _

self = <starlette.testclient.TestClient object at 0x000001E391C35550>
request = <Request('POST', 'http://testserver/api/records/')>
follow_redirects = True, history = []

    def _send_handling_redirects(
        self,
        request: Request,
        follow_redirects: bool,
        history: list[Response],
    ) -> Response:
        while True:
            if len(history) > self.max_redirects:
                raise TooManyRedirects(
                    "Exceeded maximum allowed redirects.", request=request
                )
    
            for hook in self._event_hooks["request"]:
                hook(request)
    
>           response = self._send_single_request(request)

.venv313\Lib\site-packages\httpx\_client.py:979: 
_ _ _ _ _ _ _ _ _ _ _ _ _ _ _ _ _ _ _ _ _ _ _ _ _ _ _ _ _ _ _ _ _ _ _ _ _ _ _ _

self = <starlette.testclient.TestClient object at 0x000001E391C35550>
request = <Request('POST', 'http://testserver/api/records/')>

    def _send_single_request(self, request: Request) -> Response:
        """
        Sends a single request, without handling any redirections.
        """
        transport = self._transport_for_url(request.url)
        start = time.perf_counter()
    
        if not isinstance(request.stream, SyncByteStream):
            raise RuntimeError(
                "Attempted to send an async request with a sync Client instance."
            )
    
        with request_context(request=request):
>           response = transport.handle_request(request)

.venv313\Lib\site-packages\httpx\_client.py:1014: 
_ _ _ _ _ _ _ _ _ _ _ _ _ _ _ _ _ _ _ _ _ _ _ _ _ _ _ _ _ _ _ _ _ _ _ _ _ _ _ _

self = <starlette.testclient._TestClientTransport object at 0x000001E391C35160>
request = <Request('POST', 'http://testserver/api/records/')>

    def handle_request(self, request: httpx.Request) -> httpx.Response:
        scheme = request.url.scheme
        netloc = request.url.netloc.decode(encoding="ascii")
        path = request.url.path
        raw_path = request.url.raw_path
        query = request.url.query.decode(encoding="ascii")
    
        default_port = {"http": 80, "ws": 80, "https": 443, "wss": 443}[scheme]
    
        if ":" in netloc:
            host, port_string = netloc.split(":", 1)
            port = int(port_string)
        else:
            host = netloc
            port = default_port
    
        # Include the 'host' header.
        if "host" in request.headers:
            headers: list[tuple[bytes, bytes]] = []
        elif port == default_port:  # pragma: no cover
            headers = [(b"host", host.encode())]
        else:  # pragma: no cover
            headers = [(b"host", (f"{host}:{port}").encode())]
    
        # Include other request headers.
        headers += [(key.lower().encode(), value.encode()) for key, value in request.headers.multi_items()]
    
        scope: dict[str, typing.Any]
    
        if scheme in {"ws", "wss"}:
            subprotocol = request.headers.get("sec-websocket-protocol", None)
            if subprotocol is None:
                subprotocols: typing.Sequence[str] = []
            else:
                subprotocols = [value.strip() for value in subprotocol.split(",")]
            scope = {
                "type": "websocket",
                "path": unquote(path),
                "raw_path": raw_path.split(b"?", 1)[0],
                "root_path": self.root_path,
                "scheme": scheme,
                "query_string": query.encode(),
                "headers": headers,
                "client": self.client,
                "server": [host, port],
                "subprotocols": subprotocols,
                "state": self.app_state.copy(),
                "extensions": {"websocket.http.response": {}},
            }
            session = WebSocketTestSession(self.app, scope, self.portal_factory)
            raise _Upgrade(session)
    
        scope = {
            "type": "http",
            "http_version": "1.1",
            "method": request.method,
            "path": unquote(path),
            "raw_path": raw_path.split(b"?", 1)[0],
            "root_path": self.root_path,
            "scheme": scheme,
            "query_string": query.encode(),
            "headers": headers,
            "client": self.client,
            "server": [host, port],
            "extensions": {"http.response.debug": {}},
            "state": self.app_state.copy(),
        }
    
        request_complete = False
        response_started = False
        response_complete: anyio.Event
        raw_kwargs: dict[str, typing.Any] = {"stream": io.BytesIO()}
        template = None
        context = None
    
        async def receive() -> Message:
            nonlocal request_complete
    
            if request_complete:
                if not response_complete.is_set():
                    await response_complete.wait()
                return {"type": "http.disconnect"}
    
            body = request.read()
            if isinstance(body, str):
                body_bytes: bytes = body.encode("utf-8")  # pragma: no cover
            elif body is None:
                body_bytes = b""  # pragma: no cover
            elif isinstance(body, GeneratorType):
                try:  # pragma: no cover
                    chunk = body.send(None)
                    if isinstance(chunk, str):
                        chunk = chunk.encode("utf-8")
                    return {"type": "http.request", "body": chunk, "more_body": True}
                except StopIteration:  # pragma: no cover
                    request_complete = True
                    return {"type": "http.request", "body": b""}
            else:
                body_bytes = body
    
            request_complete = True
            return {"type": "http.request", "body": body_bytes}
    
        async def send(message: Message) -> None:
            nonlocal raw_kwargs, response_started, template, context
    
            if message["type"] == "http.response.start":
                assert not response_started, 'Received multiple "http.response.start" messages.'
                raw_kwargs["status_code"] = message["status"]
                raw_kwargs["headers"] = [(key.decode(), value.decode()) for key, value in message.get("headers", [])]
                response_started = True
            elif message["type"] == "http.response.body":
                assert response_started, 'Received "http.response.body" without "http.response.start".'
                assert not response_complete.is_set(), 'Received "http.response.body" after response completed.'
                body = message.get("body", b"")
                more_body = message.get("more_body", False)
                if request.method != "HEAD":
                    raw_kwargs["stream"].write(body)
                if not more_body:
                    raw_kwargs["stream"].seek(0)
                    response_complete.set()
            elif message["type"] == "http.response.debug":
                template = message["info"]["template"]
                context = message["info"]["context"]
    
        try:
            with self.portal_factory() as portal:
                response_complete = portal.call(anyio.Event)
                portal.call(self.app, scope, receive, send)
        except BaseException as exc:
            if self.raise_server_exceptions:
>               raise exc

.venv313\Lib\site-packages\starlette\testclient.py:340: 
_ _ _ _ _ _ _ _ _ _ _ _ _ _ _ _ _ _ _ _ _ _ _ _ _ _ _ _ _ _ _ _ _ _ _ _ _ _ _ _

self = <starlette.testclient._TestClientTransport object at 0x000001E391C35160>
request = <Request('POST', 'http://testserver/api/records/')>

    def handle_request(self, request: httpx.Request) -> httpx.Response:
        scheme = request.url.scheme
        netloc = request.url.netloc.decode(encoding="ascii")
        path = request.url.path
        raw_path = request.url.raw_path
        query = request.url.query.decode(encoding="ascii")
    
        default_port = {"http": 80, "ws": 80, "https": 443, "wss": 443}[scheme]
    
        if ":" in netloc:
            host, port_string = netloc.split(":", 1)
            port = int(port_string)
        else:
            host = netloc
            port = default_port
    
        # Include the 'host' header.
        if "host" in request.headers:
            headers: list[tuple[bytes, bytes]] = []
        elif port == default_port:  # pragma: no cover
            headers = [(b"host", host.encode())]
        else:  # pragma: no cover
            headers = [(b"host", (f"{host}:{port}").encode())]
    
        # Include other request headers.
        headers += [(key.lower().encode(), value.encode()) for key, value in request.headers.multi_items()]
    
        scope: dict[str, typing.Any]
    
        if scheme in {"ws", "wss"}:
            subprotocol = request.headers.get("sec-websocket-protocol", None)
            if subprotocol is None:
                subprotocols: typing.Sequence[str] = []
            else:
                subprotocols = [value.strip() for value in subprotocol.split(",")]
            scope = {
                "type": "websocket",
                "path": unquote(path),
                "raw_path": raw_path.split(b"?", 1)[0],
                "root_path": self.root_path,
                "scheme": scheme,
                "query_string": query.encode(),
                "headers": headers,
                "client": self.client,
                "server": [host, port],
                "subprotocols": subprotocols,
                "state": self.app_state.copy(),
                "extensions": {"websocket.http.response": {}},
            }
            session = WebSocketTestSession(self.app, scope, self.portal_factory)
            raise _Upgrade(session)
    
        scope = {
            "type": "http",
            "http_version": "1.1",
            "method": request.method,
            "path": unquote(path),
            "raw_path": raw_path.split(b"?", 1)[0],
            "root_path": self.root_path,
            "scheme": scheme,
            "query_string": query.encode(),
            "headers": headers,
            "client": self.client,
            "server": [host, port],
            "extensions": {"http.response.debug": {}},
            "state": self.app_state.copy(),
        }
    
        request_complete = False
        response_started = False
        response_complete: anyio.Event
        raw_kwargs: dict[str, typing.Any] = {"stream": io.BytesIO()}
        template = None
        context = None
    
        async def receive() -> Message:
            nonlocal request_complete
    
            if request_complete:
                if not response_complete.is_set():
                    await response_complete.wait()
                return {"type": "http.disconnect"}
    
            body = request.read()
            if isinstance(body, str):
                body_bytes: bytes = body.encode("utf-8")  # pragma: no cover
            elif body is None:
                body_bytes = b""  # pragma: no cover
            elif isinstance(body, GeneratorType):
                try:  # pragma: no cover
                    chunk = body.send(None)
                    if isinstance(chunk, str):
                        chunk = chunk.encode("utf-8")
                    return {"type": "http.request", "body": chunk, "more_body": True}
                except StopIteration:  # pragma: no cover
                    request_complete = True
                    return {"type": "http.request", "body": b""}
            else:
                body_bytes = body
    
            request_complete = True
            return {"type": "http.request", "body": body_bytes}
    
        async def send(message: Message) -> None:
            nonlocal raw_kwargs, response_started, template, context
    
            if message["type"] == "http.response.start":
                assert not response_started, 'Received multiple "http.response.start" messages.'
                raw_kwargs["status_code"] = message["status"]
                raw_kwargs["headers"] = [(key.decode(), value.decode()) for key, value in message.get("headers", [])]
                response_started = True
            elif message["type"] == "http.response.body":
                assert response_started, 'Received "http.response.body" without "http.response.start".'
                assert not response_complete.is_set(), 'Received "http.response.body" after response completed.'
                body = message.get("body", b"")
                more_body = message.get("more_body", False)
                if request.method != "HEAD":
                    raw_kwargs["stream"].write(body)
                if not more_body:
                    raw_kwargs["stream"].seek(0)
                    response_complete.set()
            elif message["type"] == "http.response.debug":
                template = message["info"]["template"]
                context = message["info"]["context"]
    
        try:
            with self.portal_factory() as portal:
                response_complete = portal.call(anyio.Event)
>               portal.call(self.app, scope, receive, send)

.venv313\Lib\site-packages\starlette\testclient.py:337: 
_ _ _ _ _ _ _ _ _ _ _ _ _ _ _ _ _ _ _ _ _ _ _ _ _ _ _ _ _ _ _ _ _ _ _ _ _ _ _ _

self = <anyio._backends._asyncio.BlockingPortal object at 0x000001E391C37CB0>
func = <fastapi.applications.FastAPI object at 0x000001E391AC0EC0>
args = ({'app': <fastapi.applications.FastAPI object at 0x000001E391AC0EC0>, 'client': ('testclient', 50000), 'endpoint': <fu...ls>.receive at 0x000001E391D1EDE0>, <function _TestClientTransport.handle_request.<locals>.send at 0x000001E391D1EC00>)

    def call(
        self,
        func: Callable[[Unpack[PosArgsT]], Awaitable[T_Retval] | T_Retval],
        *args: Unpack[PosArgsT],
    ) -> T_Retval:
        """
        Call the given function in the event loop thread.
    
        If the callable returns a coroutine object, it is awaited on.
    
        :param func: any callable
        :raises RuntimeError: if the portal is not running or if this method is called
            from within the event loop thread
    
        """
>       return cast(T_Retval, self.start_task_soon(func, *args).result())

.venv313\Lib\site-packages\anyio\from_thread.py:290: 
_ _ _ _ _ _ _ _ _ _ _ _ _ _ _ _ _ _ _ _ _ _ _ _ _ _ _ _ _ _ _ _ _ _ _ _ _ _ _ _

self = None, timeout = None

    def result(self, timeout=None):
        """Return the result of the call that the future represents.
    
        Args:
            timeout: The number of seconds to wait for the result if the future
                isn't done. If None, then there is no limit on the wait time.
    
        Returns:
            The result of the call that the future represents.
    
        Raises:
            CancelledError: If the future was cancelled.
            TimeoutError: If the future didn't finish executing before the given
                timeout.
            Exception: If the call raised then that exception will be raised.
        """
        try:
            with self._condition:
                if self._state in [CANCELLED, CANCELLED_AND_NOTIFIED]:
                    raise CancelledError()
                elif self._state == FINISHED:
                    return self.__get_result()
    
                self._condition.wait(timeout)
    
                if self._state in [CANCELLED, CANCELLED_AND_NOTIFIED]:
                    raise CancelledError()
                elif self._state == FINISHED:
>                   return self.__get_result()

C:\Users\rostu\AppData\Local\Programs\Python\Python313\Lib\concurrent\futures\_base.py:456: 
_ _ _ _ _ _ _ _ _ _ _ _ _ _ _ _ _ _ _ _ _ _ _ _ _ _ _ _ _ _ _ _ _ _ _ _ _ _ _ _

self = None

    def __get_result(self):
        if self._exception:
            try:
>               raise self._exception

C:\Users\rostu\AppData\Local\Programs\Python\Python313\Lib\concurrent\futures\_base.py:401: 
_ _ _ _ _ _ _ _ _ _ _ _ _ _ _ _ _ _ _ _ _ _ _ _ _ _ _ _ _ _ _ _ _ _ _ _ _ _ _ _

self = <anyio._backends._asyncio.BlockingPortal object at 0x000001E391C37CB0>
func = <fastapi.applications.FastAPI object at 0x000001E391AC0EC0>
args = ({'app': <fastapi.applications.FastAPI object at 0x000001E391AC0EC0>, 'client': ('testclient', 50000), 'endpoint': <fu...ls>.receive at 0x000001E391D1EDE0>, <function _TestClientTransport.handle_request.<locals>.send at 0x000001E391D1EC00>)
kwargs = {}
future = <Future at 0x1e391d3c5f0 state=finished raised AttributeError>

    async def _call_func(
        self,
        func: Callable[[Unpack[PosArgsT]], Awaitable[T_Retval] | T_Retval],
        args: tuple[Unpack[PosArgsT]],
        kwargs: dict[str, Any],
        future: Future[T_Retval],
    ) -> None:
        def callback(f: Future[T_Retval]) -> None:
            if f.cancelled() and self._event_loop_thread_id not in (
                None,
                get_ident(),
            ):
                self.call(scope.cancel)
    
        try:
            retval_or_awaitable = func(*args, **kwargs)
            if isawaitable(retval_or_awaitable):
                with CancelScope() as scope:
                    if future.cancelled():
                        scope.cancel()
                    else:
                        future.add_done_callback(callback)
    
>                   retval = await retval_or_awaitable

.venv313\Lib\site-packages\anyio\from_thread.py:221: 
_ _ _ _ _ _ _ _ _ _ _ _ _ _ _ _ _ _ _ _ _ _ _ _ _ _ _ _ _ _ _ _ _ _ _ _ _ _ _ _

self = <fastapi.applications.FastAPI object at 0x000001E391AC0EC0>
scope = {'app': <fastapi.applications.FastAPI object at 0x000001E391AC0EC0>, 'client': ('testclient', 50000), 'endpoint': <function create_record at 0x000001E391AE4900>, 'extensions': {'http.response.debug': {}}, ...}
receive = <function _TestClientTransport.handle_request.<locals>.receive at 0x000001E391D1EDE0>
send = <function _TestClientTransport.handle_request.<locals>.send at 0x000001E391D1EC00>

    async def __call__(self, scope: Scope, receive: Receive, send: Send) -> None:
        if self.root_path:
            scope["root_path"] = self.root_path
>       await super().__call__(scope, receive, send)

.venv313\Lib\site-packages\fastapi\applications.py:1054: 
_ _ _ _ _ _ _ _ _ _ _ _ _ _ _ _ _ _ _ _ _ _ _ _ _ _ _ _ _ _ _ _ _ _ _ _ _ _ _ _

self = <fastapi.applications.FastAPI object at 0x000001E391AC0EC0>
scope = {'app': <fastapi.applications.FastAPI object at 0x000001E391AC0EC0>, 'client': ('testclient', 50000), 'endpoint': <function create_record at 0x000001E391AE4900>, 'extensions': {'http.response.debug': {}}, ...}
receive = <function _TestClientTransport.handle_request.<locals>.receive at 0x000001E391D1EDE0>
send = <function _TestClientTransport.handle_request.<locals>.send at 0x000001E391D1EC00>

    async def __call__(self, scope: Scope, receive: Receive, send: Send) -> None:
        scope["app"] = self
        if self.middleware_stack is None:
            self.middleware_stack = self.build_middleware_stack()
>       await self.middleware_stack(scope, receive, send)

.venv313\Lib\site-packages\starlette\applications.py:112: 
_ _ _ _ _ _ _ _ _ _ _ _ _ _ _ _ _ _ _ _ _ _ _ _ _ _ _ _ _ _ _ _ _ _ _ _ _ _ _ _

self = <starlette.middleware.errors.ServerErrorMiddleware object at 0x000001E391D14980>
scope = {'app': <fastapi.applications.FastAPI object at 0x000001E391AC0EC0>, 'client': ('testclient', 50000), 'endpoint': <function create_record at 0x000001E391AE4900>, 'extensions': {'http.response.debug': {}}, ...}
receive = <function _TestClientTransport.handle_request.<locals>.receive at 0x000001E391D1EDE0>
send = <function _TestClientTransport.handle_request.<locals>.send at 0x000001E391D1EC00>

    async def __call__(self, scope: Scope, receive: Receive, send: Send) -> None:
        if scope["type"] != "http":
            await self.app(scope, receive, send)
            return
    
        response_started = False
    
        async def _send(message: Message) -> None:
            nonlocal response_started, send
    
            if message["type"] == "http.response.start":
                response_started = True
            await send(message)
    
        try:
            await self.app(scope, receive, _send)
        except Exception as exc:
            request = Request(scope)
            if self.debug:
                # In debug mode, return traceback responses.
                response = self.debug_response(request, exc)
            elif self.handler is None:
                # Use our default 500 error handler.
                response = self.error_response(request, exc)
            else:
                # Use an installed 500 error handler.
                if is_async_callable(self.handler):
                    response = await self.handler(request, exc)
                else:
                    response = await run_in_threadpool(self.handler, request, exc)
    
            if not response_started:
                await response(scope, receive, send)
    
            # We always continue to raise the exception.
            # This allows servers to log the error, or allows test clients
            # to optionally raise the error within the test case.
>           raise exc

.venv313\Lib\site-packages\starlette\middleware\errors.py:187: 
_ _ _ _ _ _ _ _ _ _ _ _ _ _ _ _ _ _ _ _ _ _ _ _ _ _ _ _ _ _ _ _ _ _ _ _ _ _ _ _

self = <starlette.middleware.errors.ServerErrorMiddleware object at 0x000001E391D14980>
scope = {'app': <fastapi.applications.FastAPI object at 0x000001E391AC0EC0>, 'client': ('testclient', 50000), 'endpoint': <function create_record at 0x000001E391AE4900>, 'extensions': {'http.response.debug': {}}, ...}
receive = <function _TestClientTransport.handle_request.<locals>.receive at 0x000001E391D1EDE0>
send = <function _TestClientTransport.handle_request.<locals>.send at 0x000001E391D1EC00>

    async def __call__(self, scope: Scope, receive: Receive, send: Send) -> None:
        if scope["type"] != "http":
            await self.app(scope, receive, send)
            return
    
        response_started = False
    
        async def _send(message: Message) -> None:
            nonlocal response_started, send
    
            if message["type"] == "http.response.start":
                response_started = True
            await send(message)
    
        try:
>           await self.app(scope, receive, _send)

.venv313\Lib\site-packages\starlette\middleware\errors.py:165: 
_ _ _ _ _ _ _ _ _ _ _ _ _ _ _ _ _ _ _ _ _ _ _ _ _ _ _ _ _ _ _ _ _ _ _ _ _ _ _ _

self = <starlette.middleware.cors.CORSMiddleware object at 0x000001E391D14830>
scope = {'app': <fastapi.applications.FastAPI object at 0x000001E391AC0EC0>, 'client': ('testclient', 50000), 'endpoint': <function create_record at 0x000001E391AE4900>, 'extensions': {'http.response.debug': {}}, ...}
receive = <function _TestClientTransport.handle_request.<locals>.receive at 0x000001E391D1EDE0>
send = <function ServerErrorMiddleware.__call__.<locals>._send at 0x000001E391DE04A0>

    async def __call__(self, scope: Scope, receive: Receive, send: Send) -> None:
        if scope["type"] != "http":  # pragma: no cover
            await self.app(scope, receive, send)
            return
    
        method = scope["method"]
        headers = Headers(scope=scope)
        origin = headers.get("origin")
    
        if origin is None:
>           await self.app(scope, receive, send)

.venv313\Lib\site-packages\starlette\middleware\cors.py:85: 
_ _ _ _ _ _ _ _ _ _ _ _ _ _ _ _ _ _ _ _ _ _ _ _ _ _ _ _ _ _ _ _ _ _ _ _ _ _ _ _

self = <starlette.middleware.exceptions.ExceptionMiddleware object at 0x000001E391D146E0>
scope = {'app': <fastapi.applications.FastAPI object at 0x000001E391AC0EC0>, 'client': ('testclient', 50000), 'endpoint': <function create_record at 0x000001E391AE4900>, 'extensions': {'http.response.debug': {}}, ...}
receive = <function _TestClientTransport.handle_request.<locals>.receive at 0x000001E391D1EDE0>
send = <function ServerErrorMiddleware.__call__.<locals>._send at 0x000001E391DE04A0>

    async def __call__(self, scope: Scope, receive: Receive, send: Send) -> None:
        if scope["type"] not in ("http", "websocket"):
            await self.app(scope, receive, send)
            return
    
        scope["starlette.exception_handlers"] = (
            self._exception_handlers,
            self._status_handlers,
        )
    
        conn: Request | WebSocket
        if scope["type"] == "http":
            conn = Request(scope, receive, send)
        else:
            conn = WebSocket(scope, receive, send)
    
>       await wrap_app_handling_exceptions(self.app, conn)(scope, receive, send)

.venv313\Lib\site-packages\starlette\middleware\exceptions.py:62: 
_ _ _ _ _ _ _ _ _ _ _ _ _ _ _ _ _ _ _ _ _ _ _ _ _ _ _ _ _ _ _ _ _ _ _ _ _ _ _ _

scope = {'app': <fastapi.applications.FastAPI object at 0x000001E391AC0EC0>, 'client': ('testclient', 50000), 'endpoint': <function create_record at 0x000001E391AE4900>, 'extensions': {'http.response.debug': {}}, ...}
receive = <function _TestClientTransport.handle_request.<locals>.receive at 0x000001E391D1EDE0>
send = <function ServerErrorMiddleware.__call__.<locals>._send at 0x000001E391DE04A0>

    async def wrapped_app(scope: Scope, receive: Receive, send: Send) -> None:
        response_started = False
    
        async def sender(message: Message) -> None:
            nonlocal response_started
    
            if message["type"] == "http.response.start":
                response_started = True
            await send(message)
    
        try:
            await app(scope, receive, sender)
        except Exception as exc:
            handler = None
    
            if isinstance(exc, HTTPException):
                handler = status_handlers.get(exc.status_code)
    
            if handler is None:
                handler = _lookup_exception_handler(exception_handlers, exc)
    
            if handler is None:
>               raise exc

.venv313\Lib\site-packages\starlette\_exception_handler.py:53: 
_ _ _ _ _ _ _ _ _ _ _ _ _ _ _ _ _ _ _ _ _ _ _ _ _ _ _ _ _ _ _ _ _ _ _ _ _ _ _ _

scope = {'app': <fastapi.applications.FastAPI object at 0x000001E391AC0EC0>, 'client': ('testclient', 50000), 'endpoint': <function create_record at 0x000001E391AE4900>, 'extensions': {'http.response.debug': {}}, ...}
receive = <function _TestClientTransport.handle_request.<locals>.receive at 0x000001E391D1EDE0>
send = <function ServerErrorMiddleware.__call__.<locals>._send at 0x000001E391DE04A0>

    async def wrapped_app(scope: Scope, receive: Receive, send: Send) -> None:
        response_started = False
    
        async def sender(message: Message) -> None:
            nonlocal response_started
    
            if message["type"] == "http.response.start":
                response_started = True
            await send(message)
    
        try:
>           await app(scope, receive, sender)

.venv313\Lib\site-packages\starlette\_exception_handler.py:42: 
_ _ _ _ _ _ _ _ _ _ _ _ _ _ _ _ _ _ _ _ _ _ _ _ _ _ _ _ _ _ _ _ _ _ _ _ _ _ _ _

self = <fastapi.routing.APIRouter object at 0x000001E3919FFE10>
scope = {'app': <fastapi.applications.FastAPI object at 0x000001E391AC0EC0>, 'client': ('testclient', 50000), 'endpoint': <function create_record at 0x000001E391AE4900>, 'extensions': {'http.response.debug': {}}, ...}
receive = <function _TestClientTransport.handle_request.<locals>.receive at 0x000001E391D1EDE0>
send = <function wrap_app_handling_exceptions.<locals>.wrapped_app.<locals>.sender at 0x000001E391DE0680>

    async def __call__(self, scope: Scope, receive: Receive, send: Send) -> None:
        """
        The main entry point to the Router class.
        """
>       await self.middleware_stack(scope, receive, send)

.venv313\Lib\site-packages\starlette\routing.py:714: 
_ _ _ _ _ _ _ _ _ _ _ _ _ _ _ _ _ _ _ _ _ _ _ _ _ _ _ _ _ _ _ _ _ _ _ _ _ _ _ _

self = <fastapi.routing.APIRouter object at 0x000001E3919FFE10>
scope = {'app': <fastapi.applications.FastAPI object at 0x000001E391AC0EC0>, 'client': ('testclient', 50000), 'endpoint': <function create_record at 0x000001E391AE4900>, 'extensions': {'http.response.debug': {}}, ...}
receive = <function _TestClientTransport.handle_request.<locals>.receive at 0x000001E391D1EDE0>
send = <function wrap_app_handling_exceptions.<locals>.wrapped_app.<locals>.sender at 0x000001E391DE0680>

    async def app(self, scope: Scope, receive: Receive, send: Send) -> None:
        assert scope["type"] in ("http", "websocket", "lifespan")
    
        if "router" not in scope:
            scope["router"] = self
    
        if scope["type"] == "lifespan":
            await self.lifespan(scope, receive, send)
            return
    
        partial = None
    
        for route in self.routes:
            # Determine if any route matches the incoming scope,
            # and hand over to the matching route if found.
            match, child_scope = route.matches(scope)
            if match == Match.FULL:
                scope.update(child_scope)
>               await route.handle(scope, receive, send)

.venv313\Lib\site-packages\starlette\routing.py:734: 
_ _ _ _ _ _ _ _ _ _ _ _ _ _ _ _ _ _ _ _ _ _ _ _ _ _ _ _ _ _ _ _ _ _ _ _ _ _ _ _

self = APIRoute(path='/api/records/', name='create_record', methods=['POST'])
scope = {'app': <fastapi.applications.FastAPI object at 0x000001E391AC0EC0>, 'client': ('testclient', 50000), 'endpoint': <function create_record at 0x000001E391AE4900>, 'extensions': {'http.response.debug': {}}, ...}
receive = <function _TestClientTransport.handle_request.<locals>.receive at 0x000001E391D1EDE0>
send = <function wrap_app_handling_exceptions.<locals>.wrapped_app.<locals>.sender at 0x000001E391DE0680>

    async def handle(self, scope: Scope, receive: Receive, send: Send) -> None:
        if self.methods and scope["method"] not in self.methods:
            headers = {"Allow": ", ".join(self.methods)}
            if "app" in scope:
                raise HTTPException(status_code=405, headers=headers)
            else:
                response = PlainTextResponse("Method Not Allowed", status_code=405, headers=headers)
            await response(scope, receive, send)
        else:
>           await self.app(scope, receive, send)

.venv313\Lib\site-packages\starlette\routing.py:288: 
_ _ _ _ _ _ _ _ _ _ _ _ _ _ _ _ _ _ _ _ _ _ _ _ _ _ _ _ _ _ _ _ _ _ _ _ _ _ _ _

scope = {'app': <fastapi.applications.FastAPI object at 0x000001E391AC0EC0>, 'client': ('testclient', 50000), 'endpoint': <function create_record at 0x000001E391AE4900>, 'extensions': {'http.response.debug': {}}, ...}
receive = <function _TestClientTransport.handle_request.<locals>.receive at 0x000001E391D1EDE0>
send = <function wrap_app_handling_exceptions.<locals>.wrapped_app.<locals>.sender at 0x000001E391DE0680>

    async def app(scope: Scope, receive: Receive, send: Send) -> None:
        request = Request(scope, receive, send)
    
        async def app(scope: Scope, receive: Receive, send: Send) -> None:
            response = await f(request)
            await response(scope, receive, send)
    
>       await wrap_app_handling_exceptions(app, request)(scope, receive, send)

.venv313\Lib\site-packages\starlette\routing.py:76: 
_ _ _ _ _ _ _ _ _ _ _ _ _ _ _ _ _ _ _ _ _ _ _ _ _ _ _ _ _ _ _ _ _ _ _ _ _ _ _ _

scope = {'app': <fastapi.applications.FastAPI object at 0x000001E391AC0EC0>, 'client': ('testclient', 50000), 'endpoint': <function create_record at 0x000001E391AE4900>, 'extensions': {'http.response.debug': {}}, ...}
receive = <function _TestClientTransport.handle_request.<locals>.receive at 0x000001E391D1EDE0>
send = <function wrap_app_handling_exceptions.<locals>.wrapped_app.<locals>.sender at 0x000001E391DE0680>

    async def wrapped_app(scope: Scope, receive: Receive, send: Send) -> None:
        response_started = False
    
        async def sender(message: Message) -> None:
            nonlocal response_started
    
            if message["type"] == "http.response.start":
                response_started = True
            await send(message)
    
        try:
            await app(scope, receive, sender)
        except Exception as exc:
            handler = None
    
            if isinstance(exc, HTTPException):
                handler = status_handlers.get(exc.status_code)
    
            if handler is None:
                handler = _lookup_exception_handler(exception_handlers, exc)
    
            if handler is None:
                raise exc
    
            if response_started:
                raise RuntimeError("Caught handled exception, but response already started.") from exc
    
            if is_async_callable(handler):
                response = await handler(conn, exc)
            else:
>               response = await run_in_threadpool(handler, conn, exc)  # type: ignore

.venv313\Lib\site-packages\starlette\_exception_handler.py:61: 
_ _ _ _ _ _ _ _ _ _ _ _ _ _ _ _ _ _ _ _ _ _ _ _ _ _ _ _ _ _ _ _ _ _ _ _ _ _ _ _

func = functools.partial(<function validation_exception_handler at 0x000001E391AE4040>, <starlette.requests.Request object at 0x000001E391D80050>, RecordValidationError('Invalid RecordType.A record value: not.an.ip'))
args = (<starlette.requests.Request object at 0x000001E391D80050>, RecordValidationError('Invalid RecordType.A record value: not.an.ip'))
kwargs = {}

    async def run_in_threadpool(func: typing.Callable[P, T], *args: P.args, **kwargs: P.kwargs) -> T:
        func = functools.partial(func, *args, **kwargs)
>       return await anyio.to_thread.run_sync(func)

.venv313\Lib\site-packages\starlette\concurrency.py:37: 
_ _ _ _ _ _ _ _ _ _ _ _ _ _ _ _ _ _ _ _ _ _ _ _ _ _ _ _ _ _ _ _ _ _ _ _ _ _ _ _

func = functools.partial(<function validation_exception_handler at 0x000001E391AE4040>, <starlette.requests.Request object at 0x000001E391D80050>, RecordValidationError('Invalid RecordType.A record value: not.an.ip'))
abandon_on_cancel = False, cancellable = None, limiter = None, args = ()

    async def run_sync(
        func: Callable[[Unpack[PosArgsT]], T_Retval],
        *args: Unpack[PosArgsT],
        abandon_on_cancel: bool = False,
        cancellable: bool | None = None,
        limiter: CapacityLimiter | None = None,
    ) -> T_Retval:
        """
        Call the given function with the given arguments in a worker thread.
    
        If the ``cancellable`` option is enabled and the task waiting for its completion is
        cancelled, the thread will still run its course but its return value (or any raised
        exception) will be ignored.
    
        :param func: a callable
        :param args: positional arguments for the callable
        :param abandon_on_cancel: ``True`` to abandon the thread (leaving it to run
            unchecked on own) if the host task is cancelled, ``False`` to ignore
            cancellations in the host task until the operation has completed in the worker
            thread
        :param cancellable: deprecated alias of ``abandon_on_cancel``; will override
            ``abandon_on_cancel`` if both parameters are passed
        :param limiter: capacity limiter to use to limit the total amount of threads running
            (if omitted, the default limiter is used)
        :return: an awaitable that yields the return value of the function.
    
        """
        if cancellable is not None:
            abandon_on_cancel = cancellable
            warn(
                "The `cancellable=` keyword argument to `anyio.to_thread.run_sync` is "
                "deprecated since AnyIO 4.1.0; use `abandon_on_cancel=` instead",
                DeprecationWarning,
                stacklevel=2,
            )
    
>       return await get_async_backend().run_sync_in_worker_thread(
            func, args, abandon_on_cancel=abandon_on_cancel, limiter=limiter
        )

.venv313\Lib\site-packages\anyio\to_thread.py:56: 
_ _ _ _ _ _ _ _ _ _ _ _ _ _ _ _ _ _ _ _ _ _ _ _ _ _ _ _ _ _ _ _ _ _ _ _ _ _ _ _

cls = <class 'anyio._backends._asyncio.AsyncIOBackend'>
func = functools.partial(<function validation_exception_handler at 0x000001E391AE4040>, <starlette.requests.Request object at 0x000001E391D80050>, RecordValidationError('Invalid RecordType.A record value: not.an.ip'))
args = (), abandon_on_cancel = False, limiter = None

    @classmethod
    async def run_sync_in_worker_thread(  # type: ignore[return]
        cls,
        func: Callable[[Unpack[PosArgsT]], T_Retval],
        args: tuple[Unpack[PosArgsT]],
        abandon_on_cancel: bool = False,
        limiter: abc.CapacityLimiter | None = None,
    ) -> T_Retval:
        await cls.checkpoint()
    
        # If this is the first run in this event loop thread, set up the necessary
        # variables
        try:
            idle_workers = _threadpool_idle_workers.get()
            workers = _threadpool_workers.get()
        except LookupError:
            idle_workers = deque()
            workers = set()
            _threadpool_idle_workers.set(idle_workers)
            _threadpool_workers.set(workers)
    
        async with limiter or cls.current_default_thread_limiter():
            with CancelScope(shield=not abandon_on_cancel) as scope:
                future = asyncio.Future[T_Retval]()
                root_task = find_root_task()
                if not idle_workers:
                    worker = WorkerThread(root_task, workers, idle_workers)
                    worker.start()
                    workers.add(worker)
                    root_task.add_done_callback(
                        worker.stop, context=contextvars.Context()
                    )
                else:
                    worker = idle_workers.pop()
    
                    # Prune any other workers that have been idle for MAX_IDLE_TIME
                    # seconds or longer
                    now = cls.current_time()
                    while idle_workers:
                        if (
                            now - idle_workers[0].idle_since
                            < WorkerThread.MAX_IDLE_TIME
                        ):
                            break
    
                        expired_worker = idle_workers.popleft()
                        expired_worker.root_task.remove_done_callback(
                            expired_worker.stop
                        )
                        expired_worker.stop()
    
                context = copy_context()
                context.run(sniffio.current_async_library_cvar.set, None)
                if abandon_on_cancel or scope._parent_scope is None:
                    worker_scope = scope
                else:
                    worker_scope = scope._parent_scope
    
                worker.queue.put_nowait((context, func, args, future, worker_scope))
>               return await future

.venv313\Lib\site-packages\anyio\_backends\_asyncio.py:2470: 
_ _ _ _ _ _ _ _ _ _ _ _ _ _ _ _ _ _ _ _ _ _ _ _ _ _ _ _ _ _ _ _ _ _ _ _ _ _ _ _

self = <WorkerThread(AnyIO worker thread, started daemon 14708)>

    def run(self) -> None:
        with claim_worker_thread(AsyncIOBackend, self.loop):
            while True:
                item = self.queue.get()
                if item is None:
                    # Shutdown command received
                    return
    
                context, func, args, future, cancel_scope = item
                if not future.cancelled():
                    result = None
                    exception: BaseException | None = None
                    threadlocals.current_cancel_scope = cancel_scope
                    try:
>                       result = context.run(func, *args)

.venv313\Lib\site-packages\anyio\_backends\_asyncio.py:967: 
_ _ _ _ _ _ _ _ _ _ _ _ _ _ _ _ _ _ _ _ _ _ _ _ _ _ _ _ _ _ _ _ _ _ _ _ _ _ _ _

request = <starlette.requests.Request object at 0x000001E391D80050>
exc = RecordValidationError('Invalid RecordType.A record value: not.an.ip')

    def validation_exception_handler(request: Request, exc: RequestValidationError) -> JSONResponse:
        """Handle validation exceptions."""
        return JSONResponse(
            status_code=status.HTTP_422_UNPROCESSABLE_ENTITY,
            content={
                "error": {
                    "code": "ValidationError",
                    "message": "Invalid request data",
                    "status_code": status.HTTP_422_UNPROCESSABLE_ENTITY,
>                   "details": exc.errors(),
                }
            },
        )
E       AttributeError: 'RecordValidationError' object has no attribute 'errors'

app\core\exceptions.py:107: AttributeError
=============================== tests coverage ================================
_______________ coverage: platform win32, python 3.13.3-final-0 _______________

Name                       Stmts   Miss  Cover   Missing
--------------------------------------------------------
app\__init__.py                1      0   100%
app\api\__init__.py            4      0   100%
app\api\dns.py                85     50    41%   47, 55, 68-70, 78-79, 102, 115-144, 152-153, 178-187, 214-266
app\api\v1\__init__.py         2      0   100%
app\core\__init__.py           3      0   100%
app\core\database.py          42      6    86%   57, 75, 77-78, 94-95
app\core\exceptions.py        55      2    96%   85, 115
app\core\resolver.py          38     30    21%   39-74, 93-112
app\core\settings.py          58      2    97%   29, 97
app\core\tasks.py             49      5    90%   22, 69-71, 82-88
app\core\validators.py        51     30    41%   25, 40, 56, 60-62, 83-98, 116-142
app\crud\__init__.py           0      0   100%
app\main.py                   34      8    76%   67, 73, 84-91
app\models\__init__.py         4      0   100%
app\models\base.py             9      0   100%
app\models\host.py            20      1    95%   12
app\models\record.py          60     12    80%   14, 55, 60-66, 71-75
app\schemas\__init__.py        0      0   100%
app\services\__init__.py       0      0   100%
--------------------------------------------------------
TOTAL                        515    146    72%
=========================== short test summary info ===========================
FAILED tests/test_records.py::test_create_record_invalid_ipv4 - AttributeError: 'RecordValidationError' object has no attribute 'errors'
============================== 1 failed in 1.16s ==============================
